This is pdfTeX, Version 3.141592653-2.6-1.40.26 (TeX Live 2025/dev/Debian) (preloaded format=pdflatex 2026.8.25)  25 AUG 2026 11:45
entering extended mode
 restricted \write18 enabled.
 %&-line parsing enabled.
**arXiv-From-Electroculture-to-Plasma-Agriculture-ES.tex
(./arXiv-From-Electroculture-to-Plasma-Agriculture-ES.tex
LaTeX2e <2024-11-01> patch level 2
L3 programming layer <2025-01-18>
(/usr/share/texlive/texmf-dist/tex/latex/base/article.cls
Document Class: article 2024/06/29 v1.4n Standard LaTeX document class
(/usr/share/texlive/texmf-dist/tex/latex/base/size10.clo
File: size10.clo 2024/06/29 v1.4n Standard LaTeX file (size option)
)
\c@part=\count196
\c@section=\count197
\c@subsection=\count198
\c@subsubsection=\count199
\c@paragraph=\count266
\c@subparagraph=\count267
\c@figure=\count268
\c@table=\count269
\abovecaptionskip=\skip49
\belowcaptionskip=\skip50
\bibindent=\dimen141
)
(/usr/share/texlive/texmf-dist/tex/latex/amsmath/amsmath.sty
Package: amsmath 2024/11/05 v2.17t AMS math features
\@mathmargin=\skip51

For additional information on amsmath, use the `?' option.
(/usr/share/texlive/texmf-dist/tex/latex/amsmath/amstext.sty
Package: amstext 2021/08/26 v2.01 AMS text

(/usr/share/texlive/texmf-dist/tex/latex/amsmath/amsgen.sty
File: amsgen.sty 1999/11/30 v2.0 generic functions
\@emptytoks=\toks17
\ex@=\dimen142
))
(/usr/share/texlive/texmf-dist/tex/latex/amsmath/amsbsy.sty
Package: amsbsy 1999/11/29 v1.2d Bold Symbols
\pmbraise@=\dimen143
)
(/usr/share/texlive/texmf-dist/tex/latex/amsmath/amsopn.sty
Package: amsopn 2022/04/08 v2.04 operator names
)
\inf@bad=\count270
LaTeX Info: Redefining \frac on input line 233.
\uproot@=\count271
\leftroot@=\count272
LaTeX Info: Redefining \overline on input line 398.
LaTeX Info: Redefining \colon on input line 409.
\classnum@=\count273
\DOTSCASE@=\count274
LaTeX Info: Redefining \ldots on input line 495.
LaTeX Info: Redefining \dots on input line 498.
LaTeX Info: Redefining \cdots on input line 619.
\Mathstrutbox@=\box52
\strutbox@=\box53
LaTeX Info: Redefining \big on input line 721.
LaTeX Info: Redefining \Big on input line 722.
LaTeX Info: Redefining \bigg on input line 723.
LaTeX Info: Redefining \Bigg on input line 724.
\big@size=\dimen144
LaTeX Font Info:    Redeclaring font encoding OML on input line 742.
LaTeX Font Info:    Redeclaring font encoding OMS on input line 743.
\macc@depth=\count275
LaTeX Info: Redefining \bmod on input line 904.
LaTeX Info: Redefining \pmod on input line 909.
LaTeX Info: Redefining \smash on input line 939.
LaTeX Info: Redefining \relbar on input line 969.
LaTeX Info: Redefining \Relbar on input line 970.
\c@MaxMatrixCols=\count276
\dotsspace@=\muskip17
\c@parentequation=\count277
\dspbrk@lvl=\count278
\tag@help=\toks18
\row@=\count279
\column@=\count280
\maxfields@=\count281
\andhelp@=\toks19
\eqnshift@=\dimen145
\alignsep@=\dimen146
\tagshift@=\dimen147
\tagwidth@=\dimen148
\totwidth@=\dimen149
\lineht@=\dimen150
\@envbody=\toks20
\multlinegap=\skip52
\multlinetaggap=\skip53
\mathdisplay@stack=\toks21
LaTeX Info: Redefining \[ on input line 2953.
LaTeX Info: Redefining \] on input line 2954.
)
(/usr/share/texlive/texmf-dist/tex/latex/amsfonts/amssymb.sty
Package: amssymb 2013/01/14 v3.01 AMS font symbols

(/usr/share/texlive/texmf-dist/tex/latex/amsfonts/amsfonts.sty
Package: amsfonts 2013/01/14 v3.01 Basic AMSFonts support
\symAMSa=\mathgroup4
\symAMSb=\mathgroup5
LaTeX Font Info:    Redeclaring math symbol \hbar on input line 98.
LaTeX Font Info:    Overwriting math alphabet `\mathfrak' in version `bold'
(Font)                  U/euf/m/n --> U/euf/b/n on input line 106.
))
(/usr/share/texlive/texmf-dist/tex/generic/iftex/iftex.sty
Package: iftex 2024/12/12 v1.0g TeX engine tests
)
(/usr/share/texlive/texmf-dist/tex/latex/base/fontenc.sty
Package: fontenc 2021/04/29 v2.0v Standard LaTeX package
)
(/usr/share/texlive/texmf-dist/tex/latex/base/inputenc.sty
Package: inputenc 2024/02/08 v1.3d Input encoding file
\inpenc@prehook=\toks22
\inpenc@posthook=\toks23
)
(/usr/share/texlive/texmf-dist/tex/latex/base/textcomp.sty
Package: textcomp 2024/04/24 v2.1b Standard LaTeX package
)
(/usr/share/texmf/tex/latex/lm/lmodern.sty
Package: lmodern 2015/05/01 v1.6.1 Latin Modern Fonts
LaTeX Font Info:    Overwriting symbol font `operators' in version `normal'
(Font)                  OT1/cmr/m/n --> OT1/lmr/m/n on input line 22.
LaTeX Font Info:    Overwriting symbol font `letters' in version `normal'
(Font)                  OML/cmm/m/it --> OML/lmm/m/it on input line 23.
LaTeX Font Info:    Overwriting symbol font `symbols' in version `normal'
(Font)                  OMS/cmsy/m/n --> OMS/lmsy/m/n on input line 24.
LaTeX Font Info:    Overwriting symbol font `largesymbols' in version `normal'
(Font)                  OMX/cmex/m/n --> OMX/lmex/m/n on input line 25.
LaTeX Font Info:    Overwriting symbol font `operators' in version `bold'
(Font)                  OT1/cmr/bx/n --> OT1/lmr/bx/n on input line 26.
LaTeX Font Info:    Overwriting symbol font `letters' in version `bold'
(Font)                  OML/cmm/b/it --> OML/lmm/b/it on input line 27.
LaTeX Font Info:    Overwriting symbol font `symbols' in version `bold'
(Font)                  OMS/cmsy/b/n --> OMS/lmsy/b/n on input line 28.
LaTeX Font Info:    Overwriting symbol font `largesymbols' in version `bold'
(Font)                  OMX/cmex/m/n --> OMX/lmex/m/n on input line 29.
LaTeX Font Info:    Overwriting math alphabet `\mathbf' in version `normal'
(Font)                  OT1/cmr/bx/n --> OT1/lmr/bx/n on input line 31.
LaTeX Font Info:    Overwriting math alphabet `\mathsf' in version `normal'
(Font)                  OT1/cmss/m/n --> OT1/lmss/m/n on input line 32.
LaTeX Font Info:    Overwriting math alphabet `\mathit' in version `normal'
(Font)                  OT1/cmr/m/it --> OT1/lmr/m/it on input line 33.
LaTeX Font Info:    Overwriting math alphabet `\mathtt' in version `normal'
(Font)                  OT1/cmtt/m/n --> OT1/lmtt/m/n on input line 34.
LaTeX Font Info:    Overwriting math alphabet `\mathbf' in version `bold'
(Font)                  OT1/cmr/bx/n --> OT1/lmr/bx/n on input line 35.
LaTeX Font Info:    Overwriting math alphabet `\mathsf' in version `bold'
(Font)                  OT1/cmss/bx/n --> OT1/lmss/bx/n on input line 36.
LaTeX Font Info:    Overwriting math alphabet `\mathit' in version `bold'
(Font)                  OT1/cmr/bx/it --> OT1/lmr/bx/it on input line 37.
LaTeX Font Info:    Overwriting math alphabet `\mathtt' in version `bold'
(Font)                  OT1/cmtt/m/n --> OT1/lmtt/m/n on input line 38.
)
(/usr/share/texlive/texmf-dist/tex/latex/upquote/upquote.sty
Package: upquote 2012/04/19 v1.3 upright-quote and grave-accent glyphs in verba
tim
)
(/usr/share/texlive/texmf-dist/tex/latex/microtype/microtype.sty
Package: microtype 2025/02/11 v3.2a Micro-typographical refinements (RS)

(/usr/share/texlive/texmf-dist/tex/latex/graphics/keyval.sty
Package: keyval 2022/05/29 v1.15 key=value parser (DPC)
\KV@toks@=\toks24
)
(/usr/share/texlive/texmf-dist/tex/latex/etoolbox/etoolbox.sty
Package: etoolbox 2025/02/11 v2.5l e-TeX tools for LaTeX (JAW)
\etb@tempcnta=\count282
)
\MT@toks=\toks25
\MT@tempbox=\box54
\MT@count=\count283
LaTeX Info: Redefining \noprotrusionifhmode on input line 1087.
LaTeX Info: Redefining \leftprotrusion on input line 1088.
\MT@prot@toks=\toks26
LaTeX Info: Redefining \rightprotrusion on input line 1107.
LaTeX Info: Redefining \textls on input line 1449.
\MT@outer@kern=\dimen151
LaTeX Info: Redefining \microtypecontext on input line 2053.
LaTeX Info: Redefining \textmicrotypecontext on input line 2070.
\MT@listname@count=\count284

(/usr/share/texlive/texmf-dist/tex/latex/microtype/microtype-pdftex.def
File: microtype-pdftex.def 2025/02/11 v3.2a Definitions specific to pdftex (RS)

LaTeX Info: Redefining \lsstyle on input line 944.
LaTeX Info: Redefining \lslig on input line 944.
\MT@outer@space=\skip54
)
Package microtype Info: Loading configuration file microtype.cfg.

(/usr/share/texlive/texmf-dist/tex/latex/microtype/microtype.cfg
File: microtype.cfg 2025/02/11 v3.2a microtype main configuration file (RS)
)
LaTeX Info: Redefining \microtypesetup on input line 3065.
)
(/usr/share/texlive/texmf-dist/tex/latex/parskip/parskip.sty
Package: parskip 2021-03-14 v2.0h non-zero parskip adjustments

(/usr/share/texlive/texmf-dist/tex/latex/kvoptions/kvoptions.sty
Package: kvoptions 2022-06-15 v3.15 Key value format for package options (HO)

(/usr/share/texlive/texmf-dist/tex/generic/ltxcmds/ltxcmds.sty
Package: ltxcmds 2023-12-04 v1.26 LaTeX kernel commands for general use (HO)
)
(/usr/share/texlive/texmf-dist/tex/latex/kvsetkeys/kvsetkeys.sty
Package: kvsetkeys 2022-10-05 v1.19 Key value parser (HO)
)))
(/usr/share/texlive/texmf-dist/tex/latex/xcolor/xcolor.sty
Package: xcolor 2024/09/29 v3.02 LaTeX color extensions (UK)

(/usr/share/texlive/texmf-dist/tex/latex/graphics-cfg/color.cfg
File: color.cfg 2016/01/02 v1.6 sample color configuration
)
Package xcolor Info: Driver file: pdftex.def on input line 274.

(/usr/share/texlive/texmf-dist/tex/latex/graphics-def/pdftex.def
File: pdftex.def 2024/04/13 v1.2c Graphics/color driver for pdftex
)
(/usr/share/texlive/texmf-dist/tex/latex/graphics/mathcolor.ltx)
Package xcolor Info: Model `cmy' substituted by `cmy0' on input line 1349.
Package xcolor Info: Model `hsb' substituted by `rgb' on input line 1353.
Package xcolor Info: Model `RGB' extended on input line 1365.
Package xcolor Info: Model `HTML' substituted by `rgb' on input line 1367.
Package xcolor Info: Model `Hsb' substituted by `hsb' on input line 1368.
Package xcolor Info: Model `tHsb' substituted by `hsb' on input line 1369.
Package xcolor Info: Model `HSB' substituted by `hsb' on input line 1370.
Package xcolor Info: Model `Gray' substituted by `gray' on input line 1371.
Package xcolor Info: Model `wave' substituted by `hsb' on input line 1372.
)
(/usr/share/texlive/texmf-dist/tex/latex/geometry/geometry.sty
Package: geometry 2020/01/02 v5.9 Page Geometry

(/usr/share/texlive/texmf-dist/tex/generic/iftex/ifvtex.sty
Package: ifvtex 2019/10/25 v1.7 ifvtex legacy package. Use iftex instead.
)
\Gm@cnth=\count285
\Gm@cntv=\count286
\c@Gm@tempcnt=\count287
\Gm@bindingoffset=\dimen152
\Gm@wd@mp=\dimen153
\Gm@odd@mp=\dimen154
\Gm@even@mp=\dimen155
\Gm@layoutwidth=\dimen156
\Gm@layoutheight=\dimen157
\Gm@layouthoffset=\dimen158
\Gm@layoutvoffset=\dimen159
\Gm@dimlist=\toks27
)
(/usr/share/texlive/texmf-dist/tex/latex/tools/longtable.sty
Package: longtable 2024-10-27 v4.22 Multi-page Table package (DPC)
\LTleft=\skip55
\LTright=\skip56
\LTpre=\skip57
\LTpost=\skip58
\LTchunksize=\count288
\LTcapwidth=\dimen160
\LT@head=\box55
\LT@firsthead=\box56
\LT@foot=\box57
\LT@lastfoot=\box58
\LT@gbox=\box59
\LT@cols=\count289
\LT@rows=\count290
\c@LT@tables=\count291
\c@LT@chunks=\count292
\LT@p@ftn=\toks28
)
(/usr/share/texlive/texmf-dist/tex/latex/booktabs/booktabs.sty
Package: booktabs 2020/01/12 v1.61803398 Publication quality tables
\heavyrulewidth=\dimen161
\lightrulewidth=\dimen162
\cmidrulewidth=\dimen163
\belowrulesep=\dimen164
\belowbottomsep=\dimen165
\aboverulesep=\dimen166
\abovetopsep=\dimen167
\cmidrulesep=\dimen168
\cmidrulekern=\dimen169
\defaultaddspace=\dimen170
\@cmidla=\count293
\@cmidlb=\count294
\@aboverulesep=\dimen171
\@belowrulesep=\dimen172
\@thisruleclass=\count295
\@lastruleclass=\count296
\@thisrulewidth=\dimen173
)
(/usr/share/texlive/texmf-dist/tex/latex/tools/array.sty
Package: array 2024/10/17 v2.6g Tabular extension package (FMi)
\col@sep=\dimen174
\ar@mcellbox=\box60
\extrarowheight=\dimen175
\NC@list=\toks29
\extratabsurround=\skip59
\backup@length=\skip60
\ar@cellbox=\box61
)
(/usr/share/texlive/texmf-dist/tex/latex/tools/calc.sty
Package: calc 2023/07/08 v4.3 Infix arithmetic (KKT,FJ)
\calc@Acount=\count297
\calc@Bcount=\count298
\calc@Adimen=\dimen176
\calc@Bdimen=\dimen177
\calc@Askip=\skip61
\calc@Bskip=\skip62
LaTeX Info: Redefining \setlength on input line 80.
LaTeX Info: Redefining \addtolength on input line 81.
\calc@Ccount=\count299
\calc@Cskip=\skip63
)
(/usr/share/texlive/texmf-dist/tex/latex/footnotehyper/footnotehyper.sty
Package: footnotehyper 2021/08/13 v1.1e hyperref aware footnote.sty (JFB)
\FNH@notes=\box62
\FNH@width=\dimen178
\FNH@toks=\toks30
)
(/usr/share/texlive/texmf-dist/tex/latex/graphics/graphicx.sty
Package: graphicx 2021/09/16 v1.2d Enhanced LaTeX Graphics (DPC,SPQR)

(/usr/share/texlive/texmf-dist/tex/latex/graphics/graphics.sty
Package: graphics 2024/08/06 v1.4g Standard LaTeX Graphics (DPC,SPQR)

(/usr/share/texlive/texmf-dist/tex/latex/graphics/trig.sty
Package: trig 2023/12/02 v1.11 sin cos tan (DPC)
)
(/usr/share/texlive/texmf-dist/tex/latex/graphics-cfg/graphics.cfg
File: graphics.cfg 2016/06/04 v1.11 sample graphics configuration
)
Package graphics Info: Driver file: pdftex.def on input line 106.
)
\Gin@req@height=\dimen179
\Gin@req@width=\dimen180
)
(/usr/share/texlive/texmf-dist/tex/generic/babel/babel.sty
Package: babel 2025/02/14 v25.4 The multilingual framework for pdfLaTeX, LuaLaT
eX and XeLaTeX
\babel@savecnt=\count300
\U@D=\dimen181
\l@unhyphenated=\language6

(/usr/share/texlive/texmf-dist/tex/generic/babel/txtbabel.def)
\bbl@readstream=\read2
\bbl@dirlevel=\count301
Package babel Info: You haven't specified a language as a class or package
(babel)             option. I'll load 'nil'. Reported on input line 4188.

(/usr/share/texlive/texmf-dist/tex/generic/babel/nil.ldf
Language: nil 2025/02/14 v25.4 Nil language
\l@nil=\language7
))
(/usr/share/texlive/texmf-dist/tex/generic/babel/locale/es/babel-spanish.tex)
Package babel Info: Importing data for spanish
(babel)             from babel-es.ini. Reported on input line 74.

(/usr/share/texlive/texmf-dist/tex/latex/newunicodechar/newunicodechar.sty
Package: newunicodechar 2018/04/08 v1.2 Defining Unicode characters
)

Package newunicodechar Warning: Redefining Unicode character on input line 99.


Package newunicodechar Warning: Redefining Unicode character on input line 100.



Package newunicodechar Warning: Redefining Unicode character on input line 101.



Package newunicodechar Warning: Redefining Unicode character on input line 102.



Package newunicodechar Warning: Redefining Unicode character on input line 103.



Package newunicodechar Warning: Redefining Unicode character on input line 124.



Package newunicodechar Warning: Redefining Unicode character on input line 125.



Package newunicodechar Warning: Redefining Unicode character on input line 127.



Package newunicodechar Warning: Redefining Unicode character on input line 128.



Package newunicodechar Warning: Redefining Unicode character on input line 129.



Package newunicodechar Warning: Redefining Unicode character on input line 130.



Package newunicodechar Warning: Redefining Unicode character on input line 134.



Package newunicodechar Warning: Redefining Unicode character on input line 149.



Package newunicodechar Warning: Redefining Unicode character on input line 168.



Package newunicodechar Warning: Redefining Unicode character on input line 179.



Package newunicodechar Warning: Redefining Unicode character on input line 200.



Package newunicodechar Warning: Redefining Unicode character on input line 209.



Package newunicodechar Warning: Redefining Unicode character on input line 210.



Package newunicodechar Warning: Redefining Unicode character on input line 211.



Package newunicodechar Warning: Redefining Unicode character on input line 212.



Package newunicodechar Warning: Redefining Unicode character on input line 213.



Package newunicodechar Warning: Redefining Unicode character on input line 214.



Package newunicodechar Warning: Redefining Unicode character on input line 215.



Package newunicodechar Warning: Redefining Unicode character on input line 216.


(/usr/share/texlive/texmf-dist/tex/latex/bookmark/bookmark.sty
Package: bookmark 2023-12-10 v1.31 PDF bookmarks (HO)

(/usr/share/texlive/texmf-dist/tex/latex/hyperref/hyperref.sty
Package: hyperref 2024-11-05 v7.01l Hypertext links for LaTeX

(/usr/share/texlive/texmf-dist/tex/generic/kvdefinekeys/kvdefinekeys.sty
Package: kvdefinekeys 2019-12-19 v1.6 Define keys (HO)
)
(/usr/share/texlive/texmf-dist/tex/generic/pdfescape/pdfescape.sty
Package: pdfescape 2019/12/09 v1.15 Implements pdfTeX's escape features (HO)

(/usr/share/texlive/texmf-dist/tex/generic/pdftexcmds/pdftexcmds.sty
Package: pdftexcmds 2020-06-27 v0.33 Utility functions of pdfTeX for LuaTeX (HO
)

(/usr/share/texlive/texmf-dist/tex/generic/infwarerr/infwarerr.sty
Package: infwarerr 2019/12/03 v1.5 Providing info/warning/error messages (HO)
)
Package pdftexcmds Info: \pdf@primitive is available.
Package pdftexcmds Info: \pdf@ifprimitive is available.
Package pdftexcmds Info: \pdfdraftmode found.
))
(/usr/share/texlive/texmf-dist/tex/latex/hycolor/hycolor.sty
Package: hycolor 2020-01-27 v1.10 Color options for hyperref/bookmark (HO)
)
(/usr/share/texlive/texmf-dist/tex/latex/hyperref/nameref.sty
Package: nameref 2023-11-26 v2.56 Cross-referencing by name of section

(/usr/share/texlive/texmf-dist/tex/latex/refcount/refcount.sty
Package: refcount 2019/12/15 v3.6 Data extraction from label references (HO)
)
(/usr/share/texlive/texmf-dist/tex/generic/gettitlestring/gettitlestring.sty
Package: gettitlestring 2019/12/15 v1.6 Cleanup title references (HO)
)
\c@section@level=\count302
)
(/usr/share/texlive/texmf-dist/tex/generic/stringenc/stringenc.sty
Package: stringenc 2019/11/29 v1.12 Convert strings between diff. encodings (HO
)
)
\@linkdim=\dimen182
\Hy@linkcounter=\count303
\Hy@pagecounter=\count304

(/usr/share/texlive/texmf-dist/tex/latex/hyperref/pd1enc.def
File: pd1enc.def 2024-11-05 v7.01l Hyperref: PDFDocEncoding definition (HO)
Now handling font encoding PD1 ...
... no UTF-8 mapping file for font encoding PD1
)
(/usr/share/texlive/texmf-dist/tex/generic/intcalc/intcalc.sty
Package: intcalc 2019/12/15 v1.3 Expandable calculations with integers (HO)
)
\Hy@SavedSpaceFactor=\count305

(/usr/share/texlive/texmf-dist/tex/latex/hyperref/puenc.def
File: puenc.def 2024-11-05 v7.01l Hyperref: PDF Unicode definition (HO)
Now handling font encoding PU ...
... no UTF-8 mapping file for font encoding PU
)
Package hyperref Info: Option `unicode' set `true' on input line 4040.
Package hyperref Info: Hyper figures OFF on input line 4157.
Package hyperref Info: Link nesting OFF on input line 4162.
Package hyperref Info: Hyper index ON on input line 4165.
Package hyperref Info: Plain pages OFF on input line 4172.
Package hyperref Info: Backreferencing OFF on input line 4177.
Package hyperref Info: Implicit mode ON; LaTeX internals redefined.
Package hyperref Info: Bookmarks ON on input line 4424.
\c@Hy@tempcnt=\count306

(/usr/share/texlive/texmf-dist/tex/latex/url/url.sty
\Urlmuskip=\muskip18
Package: url 2013/09/16  ver 3.4  Verb mode for urls, etc.
)
LaTeX Info: Redefining \url on input line 4763.
\XeTeXLinkMargin=\dimen183

(/usr/share/texlive/texmf-dist/tex/generic/bitset/bitset.sty
Package: bitset 2019/12/09 v1.3 Handle bit-vector datatype (HO)

(/usr/share/texlive/texmf-dist/tex/generic/bigintcalc/bigintcalc.sty
Package: bigintcalc 2019/12/15 v1.5 Expandable calculations on big integers (HO
)
))
\Fld@menulength=\count307
\Field@Width=\dimen184
\Fld@charsize=\dimen185
Package hyperref Info: Hyper figures OFF on input line 6042.
Package hyperref Info: Link nesting OFF on input line 6047.
Package hyperref Info: Hyper index ON on input line 6050.
Package hyperref Info: backreferencing OFF on input line 6057.
Package hyperref Info: Link coloring OFF on input line 6062.
Package hyperref Info: Link coloring with OCG OFF on input line 6067.
Package hyperref Info: PDF/A mode OFF on input line 6072.

(/usr/share/texlive/texmf-dist/tex/latex/base/atbegshi-ltx.sty
Package: atbegshi-ltx 2021/01/10 v1.0c Emulation of the original atbegshi
package with kernel methods
)
\Hy@abspage=\count308
\c@Item=\count309
\c@Hfootnote=\count310
)
Package hyperref Info: Driver (autodetected): hpdftex.

(/usr/share/texlive/texmf-dist/tex/latex/hyperref/hpdftex.def
File: hpdftex.def 2024-11-05 v7.01l Hyperref driver for pdfTeX

(/usr/share/texlive/texmf-dist/tex/latex/base/atveryend-ltx.sty
Package: atveryend-ltx 2020/08/19 v1.0a Emulation of the original atveryend pac
kage
with kernel methods
)
\Fld@listcount=\count311
\c@bookmark@seq@number=\count312

(/usr/share/texlive/texmf-dist/tex/latex/rerunfilecheck/rerunfilecheck.sty
Package: rerunfilecheck 2022-07-10 v1.10 Rerun checks for auxiliary files (HO)

(/usr/share/texlive/texmf-dist/tex/generic/uniquecounter/uniquecounter.sty
Package: uniquecounter 2019/12/15 v1.4 Provide unlimited unique counter (HO)
)
Package uniquecounter Info: New unique counter `rerunfilecheck' on input line 2
85.
)
\Hy@SectionHShift=\skip64
)
(/usr/share/texlive/texmf-dist/tex/latex/bookmark/bkm-pdftex.def
File: bkm-pdftex.def 2023-12-10 v1.31 bookmark driver for pdfTeX and luaTeX (HO
)
\BKM@id=\count313
))
(/usr/share/texlive/texmf-dist/tex/latex/xurl/xurl.sty
Package: xurl 2022/01/09 v 0.10 modify URL breaks
)
LaTeX Font Info:    Trying to load font information for T1+lmr on input line 23
1.

(/usr/share/texmf/tex/latex/lm/t1lmr.fd
File: t1lmr.fd 2015/05/01 v1.6.1 Font defs for Latin Modern
)
(/usr/share/texlive/texmf-dist/tex/latex/l3backend/l3backend-pdftex.def
File: l3backend-pdftex.def 2024-05-08 L3 backend support: PDF output (pdfTeX)
\l__color_backend_stack_int=\count314
\l__pdf_internal_box=\box63
)
(./arXiv-From-Electroculture-to-Plasma-Agriculture-ES.aux)
\openout1 = `arXiv-From-Electroculture-to-Plasma-Agriculture-ES.aux'.

LaTeX Font Info:    Checking defaults for OML/cmm/m/it on input line 231.
LaTeX Font Info:    ... okay on input line 231.
LaTeX Font Info:    Checking defaults for OMS/cmsy/m/n on input line 231.
LaTeX Font Info:    ... okay on input line 231.
LaTeX Font Info:    Checking defaults for OT1/cmr/m/n on input line 231.
LaTeX Font Info:    ... okay on input line 231.
LaTeX Font Info:    Checking defaults for T1/cmr/m/n on input line 231.
LaTeX Font Info:    ... okay on input line 231.
LaTeX Font Info:    Checking defaults for TS1/cmr/m/n on input line 231.
LaTeX Font Info:    ... okay on input line 231.
LaTeX Font Info:    Checking defaults for OMX/cmex/m/n on input line 231.
LaTeX Font Info:    ... okay on input line 231.
LaTeX Font Info:    Checking defaults for U/cmr/m/n on input line 231.
LaTeX Font Info:    ... okay on input line 231.
LaTeX Font Info:    Checking defaults for PD1/pdf/m/n on input line 231.
LaTeX Font Info:    ... okay on input line 231.
LaTeX Font Info:    Checking defaults for PU/pdf/m/n on input line 231.
LaTeX Font Info:    ... okay on input line 231.
LaTeX Info: Redefining \microtypecontext on input line 231.
Package microtype Info: Applying patch `item' on input line 231.
Package microtype Info: Applying patch `toc' on input line 231.
Package microtype Info: Applying patch `eqnum' on input line 231.
Package microtype Info: Applying patch `footnote' on input line 231.
Package microtype Info: Applying patch `verbatim' on input line 231.
LaTeX Info: Redefining \microtypesetup on input line 231.
Package microtype Info: Generating PDF output.
Package microtype Info: Character protrusion enabled (level 2).
Package microtype Info: Using protrusion set `basicmath'.
Package microtype Info: Automatic font expansion enabled (level 2),
(microtype)             stretch: 20, shrink: 20, step: 1, non-selected.
Package microtype Info: Using default expansion set `alltext-nott'.
LaTeX Info: Redefining \showhyphens on input line 231.
Package microtype Info: No adjustment of tracking.
Package microtype Info: No adjustment of interword spacing.
Package microtype Info: No adjustment of character kerning.

(/usr/share/texlive/texmf-dist/tex/latex/microtype/mt-cmr.cfg
File: mt-cmr.cfg 2013/05/19 v2.2 microtype config. file: Computer Modern Roman 
(RS)
)
(/usr/share/texlive/texmf-dist/tex/context/base/mkii/supp-pdf.mkii
[Loading MPS to PDF converter (version 2006.09.02).]
\scratchcounter=\count315
\scratchdimen=\dimen186
\scratchbox=\box64
\nofMPsegments=\count316
\nofMParguments=\count317
\everyMPshowfont=\toks31
\MPscratchCnt=\count318
\MPscratchDim=\dimen187
\MPnumerator=\count319
\makeMPintoPDFobject=\count320
\everyMPtoPDFconversion=\toks32
) (/usr/share/texlive/texmf-dist/tex/latex/epstopdf-pkg/epstopdf-base.sty
Package: epstopdf-base 2020-01-24 v2.11 Base part for package epstopdf
Package epstopdf-base Info: Redefining graphics rule for `.eps' on input line 4
85.

(/usr/share/texlive/texmf-dist/tex/latex/latexconfig/epstopdf-sys.cfg
File: epstopdf-sys.cfg 2010/07/13 v1.3 Configuration of (r)epstopdf for TeX Liv
e
))
*geometry* driver: auto-detecting
*geometry* detected driver: pdftex
*geometry* verbose mode - [ preamble ] result:
* driver: pdftex
* paper: letterpaper
* layout: <same size as paper>
* layoutoffset:(h,v)=(0.0pt,0.0pt)
* modes: 
* h-part:(L,W,R)=(51.21504pt, 511.86491pt, 51.21504pt)
* v-part:(T,H,B)=(56.9055pt, 681.15898pt, 56.9055pt)
* \paperwidth=614.295pt
* \paperheight=794.96999pt
* \textwidth=511.86491pt
* \textheight=681.15898pt
* \oddsidemargin=-21.05495pt
* \evensidemargin=-21.05495pt
* \topmargin=-52.36449pt
* \headheight=12.0pt
* \headsep=25.0pt
* \topskip=10.0pt
* \footskip=30.0pt
* \marginparwidth=4.0pt
* \marginparsep=10.0pt
* \columnsep=17.07182pt
* \skip\footins=9.0pt plus 4.0pt minus 2.0pt
* \hoffset=0.0pt
* \voffset=0.0pt
* \mag=1000
* \@twocolumntrue
* \@twosidefalse
* \@mparswitchfalse
* \@reversemarginfalse
* (1in=72.27pt=25.4mm, 1cm=28.453pt)

Package hyperref Info: Link coloring OFF on input line 231.
LaTeX Font Info:    Trying to load font information for OT1+lmr on input line 2
42.
(/usr/share/texmf/tex/latex/lm/ot1lmr.fd
File: ot1lmr.fd 2015/05/01 v1.6.1 Font defs for Latin Modern
)
LaTeX Font Info:    Trying to load font information for OML+lmm on input line 2
42.

(/usr/share/texmf/tex/latex/lm/omllmm.fd
File: omllmm.fd 2015/05/01 v1.6.1 Font defs for Latin Modern
)
LaTeX Font Info:    Trying to load font information for OMS+lmsy on input line 
242.

(/usr/share/texmf/tex/latex/lm/omslmsy.fd
File: omslmsy.fd 2015/05/01 v1.6.1 Font defs for Latin Modern
)
LaTeX Font Info:    Trying to load font information for OMX+lmex on input line 
242.

(/usr/share/texmf/tex/latex/lm/omxlmex.fd
File: omxlmex.fd 2015/05/01 v1.6.1 Font defs for Latin Modern
)
LaTeX Font Info:    External font `lmex10' loaded for size
(Font)              <10> on input line 242.
LaTeX Font Info:    External font `lmex10' loaded for size
(Font)              <7> on input line 242.
LaTeX Font Info:    External font `lmex10' loaded for size
(Font)              <5> on input line 242.
LaTeX Font Info:    Trying to load font information for U+msa on input line 242
.

(/usr/share/texlive/texmf-dist/tex/latex/amsfonts/umsa.fd
File: umsa.fd 2013/01/14 v3.01 AMS symbols A
)
(/usr/share/texlive/texmf-dist/tex/latex/microtype/mt-msa.cfg
File: mt-msa.cfg 2006/02/04 v1.1 microtype config. file: AMS symbols (a) (RS)
)
LaTeX Font Info:    Trying to load font information for U+msb on input line 242
.

(/usr/share/texlive/texmf-dist/tex/latex/amsfonts/umsb.fd
File: umsb.fd 2013/01/14 v3.01 AMS symbols B
)
(/usr/share/texlive/texmf-dist/tex/latex/microtype/mt-msb.cfg
File: mt-msb.cfg 2005/06/01 v1.0 microtype config. file: AMS symbols (b) (RS)
)
Underfull \hbox (badness 10000) in paragraph at lines 263--263
[][]\T1/lmr/bx/n/12 (+20) 1.1. Elec-tri-ci-dad (Antigüedad--siglo
 []


Underfull \hbox (badness 4024) in paragraph at lines 263--263
\T1/lmr/bx/n/12 (+20) XVIII): del es-pec-tácu-lo ex-pe-ri-men-tal
 []





[1

{/var/lib/texmf/fonts/map/pdftex/updmap/pdftex.map}{/usr/share/texmf/fonts/enc/
dvips/lm/lm-ec.enc}]
<./images/image1.png, id=18, 414.79968pt x 566.86781pt>
File: ./images/image1.png Graphic file (type png)
<use ./images/image1.png>
Package pdftex.def Info: ./images/image1.png  used on input line 337.
(pdftex.def)             Requested size: 207.393pt x 283.42456pt.

Overfull \hbox (2.34105pt too wide) in paragraph at lines 343--345
[]\T1/lmr/bx/n/10 (-20) Repositorio: []\T1/lmr/m/n/10 (-20) github.com/wachin/e
lectrocultura-
 []

LaTeX Font Info:    Trying to load font information for T1+lmtt on input line 3
50.
(/usr/share/texmf/tex/latex/lm/t1lmtt.fd
File: t1lmtt.fd 2015/05/01 v1.6.1 Font defs for Latin Modern
)
Underfull \hbox (badness 10000) in paragraph at lines 349--351
[]\T1/lmr/bx/n/10 (+20) PDF ori-gi-nal en in-
 []


Underfull \hbox (badness 10000) in paragraph at lines 349--351
\T1/lmr/bx/n/10 (+20) glés (en es-te re-po-si-to-rio):
 []


Overfull \hbox (60.35274pt too wide) in paragraph at lines 349--351
\T1/lmtt/m/n/10 arXiv-From-Electroculture-to-Plasma-Agriculture.pdf 
 []


Overfull \hbox (2.34105pt too wide) in paragraph at lines 366--368
[]\T1/lmr/bx/n/10 (-20) Repositorio: []\T1/lmr/m/n/10 (-20) github.com/wachin/e
lectrocultura-
 []


Underfull \hbox (badness 10000) in paragraph at lines 372--374
[]\T1/lmr/bx/n/10 (+20) PDF ori-gi-nal en in-
 []


Underfull \hbox (badness 10000) in paragraph at lines 372--374
\T1/lmr/bx/n/10 (+20) glés (en es-te re-po-si-to-rio):
 []


Overfull \hbox (60.35274pt too wide) in paragraph at lines 372--374
\T1/lmtt/m/n/10 arXiv-From-Electroculture-to-Plasma-Agriculture.pdf 
 []



<./images/image2.jpeg, id=24, 885.3075pt x 405.01312pt>
File: ./images/image2.jpeg Graphic file (type jpg)
<use ./images/image2.jpeg>
Package pdftex.def Info: ./images/image2.jpeg  used on input line 398.
(pdftex.def)             Requested size: 207.38536pt x 94.87526pt.

Overfull \hbox (2.34105pt too wide) in paragraph at lines 404--406
[]\T1/lmr/bx/n/10 (-20) Repositorio: []\T1/lmr/m/n/10 (-20) github.com/wachin/e
lectrocultura-
 []


Underfull \hbox (badness 10000) in paragraph at lines 410--412
[]\T1/lmr/bx/n/10 (+20) PDF ori-gi-nal en in-
 []


Underfull \hbox (badness 10000) in paragraph at lines 410--412
\T1/lmr/bx/n/10 (+20) glés (en es-te re-po-si-to-rio):
 []


Overfull \hbox (60.35274pt too wide) in paragraph at lines 410--412
\T1/lmtt/m/n/10 arXiv-From-Electroculture-to-Plasma-Agriculture.pdf 
 []


Overfull \hbox (2.34105pt too wide) in paragraph at lines 426--428
[]\T1/lmr/bx/n/10 (-20) Repositorio: []\T1/lmr/m/n/10 (-20) github.com/wachin/e
lectrocultura-
 []


Underfull \hbox (badness 10000) in paragraph at lines 432--434
[]\T1/lmr/bx/n/10 (+20) PDF ori-gi-nal en in-
 []


Underfull \hbox (badness 10000) in paragraph at lines 432--434
\T1/lmr/bx/n/10 (+20) glés (en es-te re-po-si-to-rio):
 []


Overfull \hbox (60.35274pt too wide) in paragraph at lines 432--434
\T1/lmtt/m/n/10 arXiv-From-Electroculture-to-Plasma-Agriculture.pdf 
 []



[2 <./images/image1.png> <./images/image2.jpeg>]
<./images/image3.jpeg, id=45, 947.79094pt x 304.13625pt>
File: ./images/image3.jpeg Graphic file (type jpg)
<use ./images/image3.jpeg>
Package pdftex.def Info: ./images/image3.jpeg  used on input line 459.
(pdftex.def)             Requested size: 207.38661pt x 66.5482pt.

Overfull \hbox (2.34105pt too wide) in paragraph at lines 465--467
[]\T1/lmr/bx/n/10 (-20) Repositorio: []\T1/lmr/m/n/10 (-20) github.com/wachin/e
lectrocultura-
 []


Underfull \hbox (badness 10000) in paragraph at lines 471--473
[]\T1/lmr/bx/n/10 (+20) PDF ori-gi-nal en in-
 []


Underfull \hbox (badness 10000) in paragraph at lines 471--473
\T1/lmr/bx/n/10 (+20) glés (en es-te re-po-si-to-rio):
 []


Overfull \hbox (60.35274pt too wide) in paragraph at lines 471--473
\T1/lmtt/m/n/10 arXiv-From-Electroculture-to-Plasma-Agriculture.pdf 
 []


Overfull \hbox (2.34105pt too wide) in paragraph at lines 483--485
[]\T1/lmr/bx/n/10 (-20) Repositorio: []\T1/lmr/m/n/10 (-20) github.com/wachin/e
lectrocultura-
 []


Underfull \hbox (badness 10000) in paragraph at lines 489--491
[]\T1/lmr/bx/n/10 (+20) PDF ori-gi-nal en in-
 []


Underfull \hbox (badness 10000) in paragraph at lines 489--491
\T1/lmr/bx/n/10 (+20) glés (en es-te re-po-si-to-rio):
 []


Overfull \hbox (60.35274pt too wide) in paragraph at lines 489--491
\T1/lmtt/m/n/10 arXiv-From-Electroculture-to-Plasma-Agriculture.pdf 
 []



<./images/image4.jpeg, id=50, 897.3525pt x 432.11438pt>
File: ./images/image4.jpeg Graphic file (type jpg)
<use ./images/image4.jpeg>
Package pdftex.def Info: ./images/image4.jpeg  used on input line 506.
(pdftex.def)             Requested size: 207.38628pt x 99.86554pt.

Overfull \hbox (2.34105pt too wide) in paragraph at lines 512--514
[]\T1/lmr/bx/n/10 (-20) Repositorio: []\T1/lmr/m/n/10 (-20) github.com/wachin/e
lectrocultura-
 []


Underfull \hbox (badness 10000) in paragraph at lines 518--520
[]\T1/lmr/bx/n/10 (+20) PDF ori-gi-nal en in-
 []


Underfull \hbox (badness 10000) in paragraph at lines 518--520
\T1/lmr/bx/n/10 (+20) glés (en es-te re-po-si-to-rio):
 []


Overfull \hbox (60.35274pt too wide) in paragraph at lines 518--520
\T1/lmtt/m/n/10 arXiv-From-Electroculture-to-Plasma-Agriculture.pdf 
 []


Overfull \hbox (2.34105pt too wide) in paragraph at lines 532--534
[]\T1/lmr/bx/n/10 (-20) Repositorio: []\T1/lmr/m/n/10 (-20) github.com/wachin/e
lectrocultura-
 []


Underfull \hbox (badness 10000) in paragraph at lines 538--540
[]\T1/lmr/bx/n/10 (+20) PDF ori-gi-nal en in-
 []


Underfull \hbox (badness 10000) in paragraph at lines 538--540
\T1/lmr/bx/n/10 (+20) glés (en es-te re-po-si-to-rio):
 []


Overfull \hbox (60.35274pt too wide) in paragraph at lines 538--540
\T1/lmtt/m/n/10 arXiv-From-Electroculture-to-Plasma-Agriculture.pdf 
 []



[3 <./images/image3.jpeg> <./images/image4.jpeg>]
LaTeX Font Info:    Trying to load font information for TS1+lmr on input line 5
68.

(/usr/share/texmf/tex/latex/lm/ts1lmr.fd
File: ts1lmr.fd 2015/05/01 v1.6.1 Font defs for Latin Modern
)
<./images/image5.png, id=67, 475.7775pt x 751.30687pt>
File: ./images/image5.png Graphic file (type png)
<use ./images/image5.png>
Package pdftex.def Info: ./images/image5.png  used on input line 585.
(pdftex.def)             Requested size: 207.39711pt x 327.50368pt.

Overfull \hbox (2.34105pt too wide) in paragraph at lines 591--593
[]\T1/lmr/bx/n/10 (-20) Repositorio: []\T1/lmr/m/n/10 (-20) github.com/wachin/e
lectrocultura-
 []




Underfull \hbox (badness 10000) in paragraph at lines 597--599
[]\T1/lmr/bx/n/10 (+20) PDF ori-gi-nal en in-
 []


Underfull \hbox (badness 10000) in paragraph at lines 597--599
\T1/lmr/bx/n/10 (+20) glés (en es-te re-po-si-to-rio):
 []


Overfull \hbox (60.35274pt too wide) in paragraph at lines 597--599
\T1/lmtt/m/n/10 arXiv-From-Electroculture-to-Plasma-Agriculture.pdf 
 []


Overfull \hbox (2.34105pt too wide) in paragraph at lines 610--612
[]\T1/lmr/bx/n/10 (-20) Repositorio: []\T1/lmr/m/n/10 (-20) github.com/wachin/e
lectrocultura-
 []


Underfull \hbox (badness 10000) in paragraph at lines 616--618
[]\T1/lmr/bx/n/10 (+20) PDF ori-gi-nal en in-
 []


Underfull \hbox (badness 10000) in paragraph at lines 616--618
\T1/lmr/bx/n/10 (+20) glés (en es-te re-po-si-to-rio):
 []


Overfull \hbox (60.35274pt too wide) in paragraph at lines 616--618
\T1/lmtt/m/n/10 arXiv-From-Electroculture-to-Plasma-Agriculture.pdf 
 []



[4{/usr/share/texmf/fonts/enc/dvips/lm/lm-ts1.enc}{/usr/share/texmf/fonts/enc/d
vips/lm/lm-rm.enc}{/usr/share/texmf/fonts/enc/dvips/lm/lm-mathsy.enc} <./images
/image5.png>]
<./images/image6.jpeg, id=87, 800.23969pt x 554.82281pt>
File: ./images/image6.jpeg Graphic file (type jpg)
<use ./images/image6.jpeg>
Package pdftex.def Info: ./images/image6.jpeg  used on input line 716.
(pdftex.def)             Requested size: 207.38582pt x 143.7849pt.

Underfull \vbox (badness 10000) has occurred while \output is active []




Overfull \hbox (2.34105pt too wide) in paragraph at lines 722--724
[]\T1/lmr/bx/n/10 (-20) Repositorio: []\T1/lmr/m/n/10 (-20) github.com/wachin/e
lectrocultura-
 []


Underfull \hbox (badness 10000) in paragraph at lines 728--730
[]\T1/lmr/bx/n/10 (+20) PDF ori-gi-nal en in-
 []


Underfull \hbox (badness 10000) in paragraph at lines 728--730
\T1/lmr/bx/n/10 (+20) glés (en es-te re-po-si-to-rio):
 []


Overfull \hbox (60.35274pt too wide) in paragraph at lines 728--730
\T1/lmtt/m/n/10 arXiv-From-Electroculture-to-Plasma-Agriculture.pdf 
 []


Overfull \hbox (2.34105pt too wide) in paragraph at lines 742--744
[]\T1/lmr/bx/n/10 (-20) Repositorio: []\T1/lmr/m/n/10 (-20) github.com/wachin/e
lectrocultura-
 []


Underfull \hbox (badness 10000) in paragraph at lines 748--750
[]\T1/lmr/bx/n/10 (+20) PDF ori-gi-nal en in-
 []


Underfull \hbox (badness 10000) in paragraph at lines 748--750
\T1/lmr/bx/n/10 (+20) glés (en es-te re-po-si-to-rio):
 []


Overfull \hbox (60.35274pt too wide) in paragraph at lines 748--750
\T1/lmtt/m/n/10 arXiv-From-Electroculture-to-Plasma-Agriculture.pdf 
 []



[5 <./images/image6.jpeg>]
Overfull \hbox (3.0771pt too wide) in paragraph at lines 793--793
[]|\T1/lmr/bx/n/10 (-20) Neutralización|  
 []



[6

]
<./images/image7.jpeg, id=112, 947.79094pt x 485.56406pt>
File: ./images/image7.jpeg Graphic file (type jpg)
<use ./images/image7.jpeg>
Package pdftex.def Info: ./images/image7.jpeg  used on input line 813.
(pdftex.def)             Requested size: 207.38661pt x 106.2465pt.

Overfull \hbox (2.34105pt too wide) in paragraph at lines 819--821
[]\T1/lmr/bx/n/10 (-20) Repositorio: []\T1/lmr/m/n/10 (-20) github.com/wachin/e
lectrocultura-
 []


Underfull \hbox (badness 10000) in paragraph at lines 825--827
[]\T1/lmr/bx/n/10 (+20) PDF ori-gi-nal en in-
 []


Underfull \hbox (badness 10000) in paragraph at lines 825--827
\T1/lmr/bx/n/10 (+20) glés (en es-te re-po-si-to-rio):
 []


Overfull \hbox (60.35274pt too wide) in paragraph at lines 825--827
\T1/lmtt/m/n/10 arXiv-From-Electroculture-to-Plasma-Agriculture.pdf 
 []


Overfull \hbox (2.34105pt too wide) in paragraph at lines 839--841
[]\T1/lmr/bx/n/10 (-20) Repositorio: []\T1/lmr/m/n/10 (-20) github.com/wachin/e
lectrocultura-
 []


Underfull \hbox (badness 10000) in paragraph at lines 845--847
[]\T1/lmr/bx/n/10 (+20) PDF ori-gi-nal en in-
 []


Underfull \hbox (badness 10000) in paragraph at lines 845--847
\T1/lmr/bx/n/10 (+20) glés (en es-te re-po-si-to-rio):
 []


Overfull \hbox (60.35274pt too wide) in paragraph at lines 845--847
\T1/lmtt/m/n/10 arXiv-From-Electroculture-to-Plasma-Agriculture.pdf 
 []

<./images/image8.jpeg, id=117, 947.03813pt x 514.17094pt>
File: ./images/image8.jpeg Graphic file (type jpg)
<use ./images/image8.jpeg>
Package pdftex.def Info: ./images/image8.jpeg  used on input line 856.
(pdftex.def)             Requested size: 207.39528pt x 112.60014pt.



Overfull \hbox (2.34105pt too wide) in paragraph at lines 862--864
[]\T1/lmr/bx/n/10 (-20) Repositorio: []\T1/lmr/m/n/10 (-20) github.com/wachin/e
lectrocultura-
 []


Underfull \hbox (badness 10000) in paragraph at lines 868--870
[]\T1/lmr/bx/n/10 (+20) PDF ori-gi-nal en in-
 []


Underfull \hbox (badness 10000) in paragraph at lines 868--870
\T1/lmr/bx/n/10 (+20) glés (en es-te re-po-si-to-rio):
 []


Overfull \hbox (60.35274pt too wide) in paragraph at lines 868--870
\T1/lmtt/m/n/10 arXiv-From-Electroculture-to-Plasma-Agriculture.pdf 
 []


Overfull \hbox (2.34105pt too wide) in paragraph at lines 882--884
[]\T1/lmr/bx/n/10 (-20) Repositorio: []\T1/lmr/m/n/10 (-20) github.com/wachin/e
lectrocultura-
 []


Underfull \hbox (badness 10000) in paragraph at lines 888--890
[]\T1/lmr/bx/n/10 (+20) PDF ori-gi-nal en in-
 []


Underfull \hbox (badness 10000) in paragraph at lines 888--890
\T1/lmr/bx/n/10 (+20) glés (en es-te re-po-si-to-rio):
 []


Overfull \hbox (60.35274pt too wide) in paragraph at lines 888--890
\T1/lmtt/m/n/10 arXiv-From-Electroculture-to-Plasma-Agriculture.pdf 
 []



[7

 <./images/image7.jpeg> <./images/image8.jpeg>]

[8

]



[9

{/usr/share/texmf/fonts/enc/dvips/lm/lm-mathit.enc}]
<./images/image9.jpeg, id=151, 553.31718pt x 249.93375pt>
File: ./images/image9.jpeg Graphic file (type jpg)
<use ./images/image9.jpeg>
Package pdftex.def Info: ./images/image9.jpeg  used on input line 1078.
(pdftex.def)             Requested size: 207.3921pt x 93.67915pt.

Overfull \hbox (2.34105pt too wide) in paragraph at lines 1084--1086
[]\T1/lmr/bx/n/10 (-20) Repositorio: []\T1/lmr/m/n/10 (-20) github.com/wachin/e
lectrocultura-
 []


Underfull \hbox (badness 10000) in paragraph at lines 1090--1092
[]\T1/lmr/bx/n/10 (+20) PDF ori-gi-nal en in-
 []


Underfull \hbox (badness 10000) in paragraph at lines 1090--1092
\T1/lmr/bx/n/10 (+20) glés (en es-te re-po-si-to-rio):
 []


Overfull \hbox (60.35274pt too wide) in paragraph at lines 1090--1092
\T1/lmtt/m/n/10 arXiv-From-Electroculture-to-Plasma-Agriculture.pdf 
 []


Overfull \hbox (2.34105pt too wide) in paragraph at lines 1104--1106
[]\T1/lmr/bx/n/10 (-20) Repositorio: []\T1/lmr/m/n/10 (-20) github.com/wachin/e
lectrocultura-
 []


Underfull \hbox (badness 10000) in paragraph at lines 1110--1112
[]\T1/lmr/bx/n/10 (+20) PDF ori-gi-nal en in-
 []


Underfull \hbox (badness 10000) in paragraph at lines 1110--1112
\T1/lmr/bx/n/10 (+20) glés (en es-te re-po-si-to-rio):
 []


Overfull \hbox (60.35274pt too wide) in paragraph at lines 1110--1112
\T1/lmtt/m/n/10 arXiv-From-Electroculture-to-Plasma-Agriculture.pdf 
 []



<./images/image10.jpeg, id=156, 496.10344pt x 126.4725pt>
File: ./images/image10.jpeg Graphic file (type jpg)
<use ./images/image10.jpeg>
Package pdftex.def Info: ./images/image10.jpeg  used on input line 1123.
(pdftex.def)             Requested size: 207.39307pt x 52.87106pt.

Overfull \hbox (2.34105pt too wide) in paragraph at lines 1129--1131
[]\T1/lmr/bx/n/10 (-20) Repositorio: []\T1/lmr/m/n/10 (-20) github.com/wachin/e
lectrocultura-
 []


Underfull \hbox (badness 10000) in paragraph at lines 1135--1137
[]\T1/lmr/bx/n/10 (+20) PDF ori-gi-nal en in-
 []


Underfull \hbox (badness 10000) in paragraph at lines 1135--1137
\T1/lmr/bx/n/10 (+20) glés (en es-te re-po-si-to-rio):
 []


Overfull \hbox (60.35274pt too wide) in paragraph at lines 1135--1137
\T1/lmtt/m/n/10 arXiv-From-Electroculture-to-Plasma-Agriculture.pdf 
 []


Overfull \hbox (2.34105pt too wide) in paragraph at lines 1148--1150
[]\T1/lmr/bx/n/10 (-20) Repositorio: []\T1/lmr/m/n/10 (-20) github.com/wachin/e
lectrocultura-
 []


Underfull \hbox (badness 10000) in paragraph at lines 1154--1156
[]\T1/lmr/bx/n/10 (+20) PDF ori-gi-nal en in-
 []


Underfull \hbox (badness 10000) in paragraph at lines 1154--1156
\T1/lmr/bx/n/10 (+20) glés (en es-te re-po-si-to-rio):
 []


Overfull \hbox (60.35274pt too wide) in paragraph at lines 1154--1156
\T1/lmtt/m/n/10 arXiv-From-Electroculture-to-Plasma-Agriculture.pdf 
 []

<./images/image11.jpeg, id=161, 945.5325pt x 344.03531pt>
File: ./images/image11.jpeg Graphic file (type jpg)
<use ./images/image11.jpeg>
Package pdftex.def Info: ./images/image11.jpeg  used on input line 1171.
(pdftex.def)             Requested size: 207.3974pt x 75.46227pt.

Overfull \hbox (2.34105pt too wide) in paragraph at lines 1177--1179
[]\T1/lmr/bx/n/10 (-20) Repositorio: []\T1/lmr/m/n/10 (-20) github.com/wachin/e
lectrocultura-
 []



[10 <./images/image9.jpeg> <./images/image10.jpeg> <./images/image11.jpeg>]
Underfull \hbox (badness 10000) in paragraph at lines 1183--1185
[]\T1/lmr/bx/n/10 (+20) PDF ori-gi-nal en in-
 []


Underfull \hbox (badness 10000) in paragraph at lines 1183--1185
\T1/lmr/bx/n/10 (+20) glés (en es-te re-po-si-to-rio):
 []


Overfull \hbox (60.35274pt too wide) in paragraph at lines 1183--1185
\T1/lmtt/m/n/10 arXiv-From-Electroculture-to-Plasma-Agriculture.pdf 
 []


Overfull \hbox (2.34105pt too wide) in paragraph at lines 1198--1200
[]\T1/lmr/bx/n/10 (-20) Repositorio: []\T1/lmr/m/n/10 (-20) github.com/wachin/e
lectrocultura-
 []


Underfull \hbox (badness 10000) in paragraph at lines 1204--1206
[]\T1/lmr/bx/n/10 (+20) PDF ori-gi-nal en in-
 []


Underfull \hbox (badness 10000) in paragraph at lines 1204--1206
\T1/lmr/bx/n/10 (+20) glés (en es-te re-po-si-to-rio):
 []


Overfull \hbox (60.35274pt too wide) in paragraph at lines 1204--1206
\T1/lmtt/m/n/10 arXiv-From-Electroculture-to-Plasma-Agriculture.pdf 
 []

<./images/image12.jpeg, id=181, 1284.29813pt x 428.35031pt>
File: ./images/image12.jpeg Graphic file (type jpg)
<use ./images/image12.jpeg>
Package pdftex.def Info: ./images/image12.jpeg  used on input line 1228.
(pdftex.def)             Requested size: 207.39278pt x 69.17145pt.

Overfull \hbox (2.34105pt too wide) in paragraph at lines 1234--1236
[]\T1/lmr/bx/n/10 (-20) Repositorio: []\T1/lmr/m/n/10 (-20) github.com/wachin/e
lectrocultura-
 []




Underfull \hbox (badness 10000) in paragraph at lines 1240--1242
[]\T1/lmr/bx/n/10 (+20) PDF ori-gi-nal en in-
 []


Underfull \hbox (badness 10000) in paragraph at lines 1240--1242
\T1/lmr/bx/n/10 (+20) glés (en es-te re-po-si-to-rio):
 []


Overfull \hbox (60.35274pt too wide) in paragraph at lines 1240--1242
\T1/lmtt/m/n/10 arXiv-From-Electroculture-to-Plasma-Agriculture.pdf 
 []


Overfull \hbox (2.34105pt too wide) in paragraph at lines 1255--1257
[]\T1/lmr/bx/n/10 (-20) Repositorio: []\T1/lmr/m/n/10 (-20) github.com/wachin/e
lectrocultura-
 []


Underfull \hbox (badness 10000) in paragraph at lines 1261--1263
[]\T1/lmr/bx/n/10 (+20) PDF ori-gi-nal en in-
 []


Underfull \hbox (badness 10000) in paragraph at lines 1261--1263
\T1/lmr/bx/n/10 (+20) glés (en es-te re-po-si-to-rio):
 []


Overfull \hbox (60.35274pt too wide) in paragraph at lines 1261--1263
\T1/lmtt/m/n/10 arXiv-From-Electroculture-to-Plasma-Agriculture.pdf 
 []

<./images/image13.jpeg, id=186, 947.79094pt x 532.23843pt>
File: ./images/image13.jpeg Graphic file (type jpg)
<use ./images/image13.jpeg>
Package pdftex.def Info: ./images/image13.jpeg  used on input line 1291.
(pdftex.def)             Requested size: 207.38661pt x 116.45935pt.

Underfull \vbox (badness 5954) has occurred while \output is active []



[11 <./images/image12.jpeg>]
Overfull \hbox (2.34105pt too wide) in paragraph at lines 1297--1299
[]\T1/lmr/bx/n/10 (-20) Repositorio: []\T1/lmr/m/n/10 (-20) github.com/wachin/e
lectrocultura-
 []


Underfull \hbox (badness 10000) in paragraph at lines 1303--1305
[]\T1/lmr/bx/n/10 (+20) PDF ori-gi-nal en in-
 []


Underfull \hbox (badness 10000) in paragraph at lines 1303--1305
\T1/lmr/bx/n/10 (+20) glés (en es-te re-po-si-to-rio):
 []


Overfull \hbox (60.35274pt too wide) in paragraph at lines 1303--1305
\T1/lmtt/m/n/10 arXiv-From-Electroculture-to-Plasma-Agriculture.pdf 
 []


Overfull \hbox (2.34105pt too wide) in paragraph at lines 1320--1322
[]\T1/lmr/bx/n/10 (-20) Repositorio: []\T1/lmr/m/n/10 (-20) github.com/wachin/e
lectrocultura-
 []


Underfull \hbox (badness 10000) in paragraph at lines 1326--1328
[]\T1/lmr/bx/n/10 (+20) PDF ori-gi-nal en in-
 []


Underfull \hbox (badness 10000) in paragraph at lines 1326--1328
\T1/lmr/bx/n/10 (+20) glés (en es-te re-po-si-to-rio):
 []


Overfull \hbox (60.35274pt too wide) in paragraph at lines 1326--1328
\T1/lmtt/m/n/10 arXiv-From-Electroculture-to-Plasma-Agriculture.pdf 
 []




! LaTeX Error: Unicode character â‚“ (U+2093)
               not set up for use with LaTeX.

See the LaTeX manual or LaTeX Companion for explanation.
Type  H <return>  for immediate help.
 ...                                              
                                                  
l.1385   ozono/NOâ‚“
                     y UV, protecciÃ³n contra arcos y ensayos multicÃ©ntricos
You may provide a definition with
\DeclareUnicodeCharacter 



[12 <./images/image13.jpeg>]
Underfull \vbox (badness 10000) has occurred while \output is active []




Underfull \vbox (badness 10000) has occurred while \output is active []



[13]
Underfull \vbox (badness 10000) has occurred while \output is active []




Underfull \vbox (badness 10000) has occurred while \output is active []



[14]

! LaTeX Error: Unicode character ðŸ“„ (U+1F4C4)
               not set up for use with LaTeX.

See the LaTeX manual or LaTeX Companion for explanation.
Type  H <return>  for immediate help.
 ...                                              
                                                  
l.1650 ðŸ“„
            \textbf{Paper original:}
You may provide a definition with
\DeclareUnicodeCharacter 


! LaTeX Error: Unicode character ðŸ“„ (U+1F4C4)
               not set up for use with LaTeX.

See the LaTeX manual or LaTeX Companion for explanation.
Type  H <return>  for immediate help.
 ...                                              
                                                  
l.1650 ðŸ“„
            \textbf{Paper original:}
You may provide a definition with
\DeclareUnicodeCharacter 


! LaTeX Error: Unicode character ðŸ“¥ (U+1F4E5)
               not set up for use with LaTeX.

See the LaTeX manual or LaTeX Companion for explanation.
Type  H <return>  for immediate help.
 ...                                              
                                                  
l.1651 ...g/abs/2505.06968}{arXiv:2505.06968} ðŸ“¥
                                                  
You may provide a definition with
\DeclareUnicodeCharacter 


! LaTeX Error: Unicode character ðŸ”¬ (U+1F52C)
               not set up for use with LaTeX.

See the LaTeX manual or LaTeX Companion for explanation.
Type  H <return>  for immediate help.
 ...                                              
                                                  
l.1653 ...05.06968}{arxiv.org/pdf/2505.06968} ðŸ”¬
                                                  
You may provide a definition with
\DeclareUnicodeCharacter 


Overfull \hbox (2.34105pt too wide) in paragraph at lines 1661--1663
[]\T1/lmr/bx/n/10 (-20) Repositorio: []\T1/lmr/m/n/10 (-20) github.com/wachin/e
lectrocultura-
 []


Underfull \hbox (badness 10000) in paragraph at lines 1667--1669
[]\T1/lmr/bx/n/10 (+20) PDF ori-gi-nal en in-
 []


Underfull \hbox (badness 10000) in paragraph at lines 1667--1669
\T1/lmr/bx/n/10 (+20) glés (en es-te re-po-si-to-rio):
 []


Overfull \hbox (60.35274pt too wide) in paragraph at lines 1667--1669
\T1/lmtt/m/n/10 arXiv-From-Electroculture-to-Plasma-Agriculture.pdf 
 []





[15

] (./arXiv-From-Electroculture-to-Plasma-Agriculture-ES.aux)
 ***********
LaTeX2e <2024-11-01> patch level 2
L3 programming layer <2025-01-18>
 ***********


LaTeX Warning: Label(s) may have changed. Rerun to get cross-references right.

 ) 
Here is how much of TeX's memory you used:
 15588 strings out of 475116
 247495 string characters out of 5764601
 734433 words of memory out of 5000000
 37996 multiletter control sequences out of 15000+600000
 616057 words of font info for 222 fonts, out of 8000000 for 9000
 40 hyphenation exceptions out of 8191
 83i,7n,93p,1750b,541s stack positions out of 10000i,1000n,20000p,200000b,200000s
</usr/share/texmf/fonts/type1/public/lm/lmbx10.pfb></usr/share/texmf/fonts/ty
pe1/public/lm/lmbx12.pfb></usr/share/texmf/fonts/type1/public/lm/lmbxi10.pfb></
usr/share/texmf/fonts/type1/public/lm/lmmi10.pfb></usr/share/texmf/fonts/type1/
public/lm/lmr10.pfb></usr/share/texmf/fonts/type1/public/lm/lmr7.pfb></usr/shar
e/texmf/fonts/type1/public/lm/lmri10.pfb></usr/share/texmf/fonts/type1/public/l
m/lmsy10.pfb></usr/share/texmf/fonts/type1/public/lm/lmsy7.pfb></usr/share/texm
f/fonts/type1/public/lm/lmtt10.pfb>
Output written on arXiv-From-Electroculture-to-Plasma-Agriculture-ES.pdf (15 pa
ges, 2890682 bytes).
PDF statistics:
 376 PDF objects out of 1000 (max. 8388607)
 318 compressed objects within 4 object streams
 48 named destinations out of 1000 (max. 500000)
 26874 words of extra memory for PDF output out of 29859 (max. 10000000)

